
------------------------------------------------------------
Wed May 13 2026 21:38:30 GMT-0300 (Horário Padrão de Brasília)


------------------------------------------------------------
Wed May 13 2026 21:39:34 GMT-0300 (Horário Padrão de Brasília)


> raidtech-bot@1.0.0 start
> node index.js

[1G[0K==================================================
  🤖 Bot Discord - RaidTech
==================================================
[COMMAND] Comando carregado: adicionar-usuario
[COMMAND] Comando carregado: booster-beneficios
[COMMAND] Comando carregado: fechar-ticket
[COMMAND] Comando carregado: invites
[COMMAND] Comando carregado: painel-raidtech
[COMMAND] Comando carregado: painel-projetos
[COMMAND] Comando carregado: regras
[COMMAND] Comando carregado: remover-usuario
[COMMAND] Comando carregado: server-info
[COMMAND] Comando carregado: sorteio
[COMMAND] Comando carregado: ticket-painel
[HTTP] Server listening on port 8080
[ERRO] Erro não tratado: /home/node/commands/vender.js:136
      files: [banner]
           ^

SyntaxError: Unexpected token ':'
[90m    at internalCompileFunction (node:internal/vm:76:18)[39m
[90m    at wrapSafe (node:internal/modules/cjs/loader:1283:20)[39m
[90m    at Module._compile (node:internal/modules/cjs/loader:1328:27)[39m
[90m    at Module._extensions..js (node:internal/modules/cjs/loader:1422:10)[39m
[90m    at Module.load (node:internal/modules/cjs/loader:1203:32)[39m
[90m    at Module._load (node:internal/modules/cjs/loader:1019:12)[39m
[90m    at Module.require (node:internal/modules/cjs/loader:1231:19)[39m
[90m    at require (node:internal/modules/helpers:177:18)[39m
    at loadCommands [90m(/home/node/[39mindex.js:75:21[90m)[39m
    at startBot [90m(/home/node/[39mindex.js:148:9[90m)[39m
